==> build: D:\CODE\vps-ssh-launcher\.venv\Scripts\python.exe -m compileall -q ssh_tool.py auto_install.py vps_ssh_launcher test_ssh_tool.py test_auto_install.py test_cpa_admission.py test_cpa_failure_triage.py test_temp_cleanup_guard.py test_scripts.py test_integration_real_ssh.py test_maintenance.py cpa_catalog_expectations.py conftest.py scripts/cpa_failure_triage.py
==> test: D:\CODE\vps-ssh-launcher\.venv\Scripts\python.exe -m pytest -q
.............................................................................................................. [ 38%]
................................................................................. [ 67%]
.......................................................s........................ [ 95%]
............                                                             [100%]
282 passed, 1 skipped, 305 subtests passed in 48.67s
==> hotspot:bandit: D:\CODE\vps-ssh-launcher\.venv\Scripts\python.exe -m bandit -q -r ssh_tool.py auto_install.py vps_ssh_launcher
[tester]	WARNING	nosec encountered (B507), but no failed test on file vps_ssh_launcher\cli.py:978
==> lint:ruff: D:\CODE\vps-ssh-launcher\.venv\Scripts\python.exe -m ruff check ssh_tool.py auto_install.py vps_ssh_launcher test_ssh_tool.py test_auto_install.py test_cpa_admission.py test_cpa_failure_triage.py test_temp_cleanup_guard.py test_scripts.py test_integration_real_ssh.py test_maintenance.py cpa_catalog_expectations.py conftest.py scripts/cpa_failure_triage.py
All checks passed!
==> lint:format: D:\CODE\vps-ssh-launcher\.venv\Scripts\python.exe -m ruff format --check ssh_tool.py auto_install.py vps_ssh_launcher test_ssh_tool.py test_auto_install.py test_cpa_admission.py test_cpa_failure_triage.py test_temp_cleanup_guard.py test_scripts.py test_integration_real_ssh.py test_maintenance.py cpa_catalog_expectations.py conftest.py scripts/cpa_failure_triage.py
unformatted: File would be reformatted
    --> test_scripts.py:1979:85
     |
1978 |         repo_root = Path(__file__).resolve().parent
     -         text = (repo_root / "scripts" / "cockpit_gate_wait_cap_check.py").read_text(encoding="utf-8")
1979 +         text = (repo_root / "scripts" / "cockpit_gate_wait_cap_check.py").read_text(
1980 +             encoding="utf-8"
1981 +         )
1982 |         for token in (
     |

1 file would be reformatted, 25 files already formatted
[31;1mException: [0mD:\CODE\vps-ssh-launcher\scripts\run_gates.ps1:229[0m
[31;1m[0m[36;1mLine |[0m
[31;1m[0m[36;1m[36;1m 229 | [0m       [36;1mthrow "Gate failed: $($entry.Id)"[0m
[31;1m[0m[36;1m[36;1m[0m[36;1m[0m[36;1m     | [31;1m       ~~~~~~~~~~~~~~~~~~~~~~~~~~~~~~~~~[0m
[31;1m[0m[36;1m[36;1m[0m[36;1m[0m[36;1m[31;1m[31;1m[36;1m     | [31;1mGate failed: lint:format[0m
